haskOneFromFile.exe words.txt +RTS -N2 -S[outp.txt] 
    Alloc    Copied     Live     GC     GC      TOT      TOT  Page Flts
    bytes     bytes     bytes   user   elap     user     elap
  1071448    152184    193280  0.000  0.000    0.000    0.013    0    0  (Gen:  0)
  1030688    300352    341824  0.000  0.000    0.000    0.014    0    0  (Gen:  0)
  1034224    448272    489344  0.000  0.001    0.000    0.015    0    0  (Gen:  1)
  1033336    298688    783952  0.000  0.000    0.000    0.015    0    0  (Gen:  0)
  1033304    295152   1078624  0.000  0.000    0.000    0.016    0    0  (Gen:  0)
  1034080    890472    931552  0.000  0.001    0.000    0.017    0    0  (Gen:  1)
  1034064    152080   1079088  0.000  0.001    0.000    0.018    0    0  (Gen:  0)
  1034784    299472   1373832  0.000  0.002    0.000    0.021    0    0  (Gen:  0)
  1034272    299552   1668704  0.000  0.001    0.000    0.023    0    0  (Gen:  0)
  1034096    299640   1963608  0.000  0.000    0.000    0.023    0    0  (Gen:  0)
  1033800   1627872   1668944  0.000  0.002    0.000    0.025    0    0  (Gen:  1)
  1034160    299704   1963552  0.016  0.000    0.016    0.025    0    0  (Gen:  0)
  1034704    300056   2258480  0.000  0.000    0.016    0.026    0    0  (Gen:  0)
  1034936    300080   2553464  0.000  0.000    0.016    0.026    0    0  (Gen:  0)
  1034200    299936   2848328  0.000  0.000    0.016    0.027    0    0  (Gen:  0)
  1034280    300096   3143256  0.000  0.000    0.016    0.027    0    0  (Gen:  0)
  1034584    300208   3438232  0.000  0.000    0.016    0.027    0    0  (Gen:  0)
  1033400   2660032   2701104  0.000  0.002    0.016    0.030    0    0  (Gen:  1)
  1034344    300392   2995952  0.000  0.000    0.016    0.030    0    0  (Gen:  0)
  1034640    300600   3290928  0.000  0.000    0.016    0.031    0    0  (Gen:  0)
  1034168    300472   3585760  0.000  0.000    0.016    0.031    0    0  (Gen:  0)
  1034584    300600   3880656  0.000  0.000    0.016    0.032    0    0  (Gen:  0)
  1034136    300600   4175520  0.000  0.000    0.016    0.032    0    0  (Gen:  0)
  1034080    300696   4470384  0.000  0.000    0.016    0.033    0    0  (Gen:  0)
  1034320    300896   4765352  0.000  0.000    0.016    0.033    0    0  (Gen:  0)
  1033728    300856   5060104  0.000  0.000    0.016    0.034    0    0  (Gen:  0)
  1034776    301232   5355080  0.000  0.000    0.016    0.034    0    0  (Gen:  0)
  1034032   4134624   4175696  0.031  0.008    0.047    0.043    0    0  (Gen:  1)
  1033672    300936   4470312  0.000  0.002    0.047    0.045    0    0  (Gen:  0)
  1032984    301152   4764960  0.000  0.001    0.047    0.048    0    0  (Gen:  0)
  1065176    301320   5092256  0.000  0.000    0.047    0.048    0    0  (Gen:  0)
  1033776    295288   5387208  0.000  0.000    0.047    0.049    0    0  (Gen:  0)
  1033624    295216   5681976  0.000  0.000    0.047    0.049    0    0  (Gen:  0)
  1033688    302432   5976784  0.000  0.000    0.047    0.049    0    0  (Gen:  0)
  1034376    302768   6271744  0.000  0.000    0.047    0.050    0    0  (Gen:  0)
  1033992    302736   6566584  0.000  0.000    0.047    0.050    0    0  (Gen:  0)
  1034704    295472   6861568  0.000  0.000    0.047    0.051    0    0  (Gen:  0)
  1034512    295304   7156400  0.000  0.000    0.047    0.051    0    0  (Gen:  0)
  1033936    302736   7451200  0.000  0.000    0.047    0.052    0    0  (Gen:  0)
  1034656    303232   7746272  0.000  0.000    0.047    0.052    0    0  (Gen:  0)
  1034656    303056   8041152  0.000  0.000    0.047    0.053    0    0  (Gen:  0)
  1035328    303208   8336264  0.000  0.000    0.047    0.053    0    0  (Gen:  0)
  1034504   6345528   6419368  0.000  0.005    0.047    0.059    0    0  (Gen:  1)
  1034576    303000   6714304  0.000  0.000    0.047    0.059    0    0  (Gen:  0)
  1034456    302952   7009144  0.000  0.000    0.047    0.060    0    0  (Gen:  0)
  1034664    303176   7304184  0.031  0.000    0.078    0.060    0    0  (Gen:  0)
  1034808    303176   7599144  0.000  0.000    0.078    0.061    0    0  (Gen:  0)
  1035648    303360   7894288  0.000  0.000    0.078    0.061    0    0  (Gen:  0)
  1034360    302816   8189136  0.000  0.000    0.078    0.062    0    0  (Gen:  0)
  1033632    302720   8483816  0.000  0.000    0.078    0.062    0    0  (Gen:  0)
  1034592    303112   8778776  0.000  0.000    0.078    0.062    0    0  (Gen:  0)
  1034160    303120   9073648  0.000  0.000    0.078    0.063    0    0  (Gen:  0)
  1034464    303264   9368616  0.000  0.000    0.078    0.063    0    0  (Gen:  0)
  1034912    295488   9663608  0.000  0.000    0.078    0.064    0    0  (Gen:  0)
  1033848    303088   9958392  0.000  0.000    0.078    0.064    0    0  (Gen:  0)
  1034240    303424  10253304  0.000  0.000    0.078    0.064    0    0  (Gen:  0)
  1034600    303512  10548256  0.000  0.000    0.078    0.065    0    0  (Gen:  0)
  1034064    303320  10842984  0.000  0.000    0.078    0.065    0    0  (Gen:  0)
  1034128    303584  11137920  0.000  0.000    0.078    0.066    0    0  (Gen:  0)
  1034752    295464  11432904  0.000  0.000    0.078    0.066    0    0  (Gen:  0)
  1034248    303688  11727832  0.000  0.000    0.078    0.066    0    0  (Gen:  0)
  1034328    303792  12022704  0.000  0.000    0.078    0.067    0    0  (Gen:  0)
  1034168    303768  12317496  0.000  0.000    0.078    0.067    0    0  (Gen:  0)
  1033608    303776  12612232  0.000  0.000    0.078    0.068    0    0  (Gen:  0)
  1033920    303984  12907056  0.000  0.000    0.078    0.068    0    0  (Gen:  0)
  1033624   9737096   9810936  0.016  0.008    0.094    0.076    0    0  (Gen:  1)
  1034256    304256  10105536  0.000  0.000    0.094    0.077    0    0  (Gen:  0)
  1033744    304376  10400288  0.000  0.000    0.094    0.077    0    0  (Gen:  0)
  1034464    304760  10695288  0.000  0.000    0.094    0.078    0    0  (Gen:  0)
  1033896    304672  10990016  0.000  0.000    0.094    0.078    0    0  (Gen:  0)
  1034024    304848  11284816  0.000  0.000    0.094    0.078    0    0  (Gen:  0)
  1035376    305304  11579944  0.000  0.000    0.094    0.079    0    0  (Gen:  0)
  1034072    304920  11874856  0.000  0.000    0.094    0.079    0    0  (Gen:  0)
  1034072    304920  12169624  0.000  0.000    0.094    0.080    0    0  (Gen:  0)
  1034624    305120  12464504  0.000  0.000    0.094    0.080    0    0  (Gen:  0)
  1034448    305096  12759392  0.000  0.000    0.094    0.081    0    0  (Gen:  0)
  1034120    305048  13054208  0.000  0.000    0.094    0.081    0    0  (Gen:  0)
  1033760    305136  13349008  0.000  0.000    0.094    0.081    0    0  (Gen:  0)
  1033704    305368  13643816  0.000  0.000    0.094    0.082    0    0  (Gen:  0)
  1034424    305696  13938672  0.000  0.000    0.094    0.082    0    0  (Gen:  0)
  1034240    305664  14233552  0.000  0.000    0.094    0.083    0    0  (Gen:  0)
  1034360    305832  14528488  0.000  0.000    0.094    0.083    0    0  (Gen:  0)
  1033888    305856  14823336  0.000  0.000    0.094    0.083    0    0  (Gen:  0)
  1033872    295208  15118056  0.000  0.000    0.094    0.084    0    0  (Gen:  0)
  1033152    305856  15412712  0.000  0.000    0.094    0.084    0    0  (Gen:  0)
  1034760    306632  15707776  0.000  0.000    0.094    0.085    0    0  (Gen:  0)
  1034888    306528  16002680  0.000  0.000    0.094    0.085    0    0  (Gen:  0)
  1033904    306448  16297608  0.000  0.000    0.094    0.086    0    0  (Gen:  0)
  1034296    306536  16592464  0.000  0.000    0.094    0.086    0    0  (Gen:  0)
  1034232    306632  16887280  0.000  0.000    0.094    0.087    0    0  (Gen:  0)
  1034696    306792  17182208  0.000  0.000    0.094    0.087    0    0  (Gen:  0)
  1034864    306920  17477296  0.000  0.000    0.094    0.087    0    0  (Gen:  0)
  1033848    306632  17772072  0.000  0.000    0.094    0.088    0    0  (Gen:  0)
  1033752    295336  18066928  0.000  0.000    0.094    0.088    0    0  (Gen:  0)
  1034088    306944  18361712  0.000  0.000    0.109    0.089    0    0  (Gen:  0)
  1034752    307296  18656736  0.000  0.000    0.109    0.089    0    0  (Gen:  0)
  1034840    307128  18951624  0.000  0.000    0.109    0.089    0    0  (Gen:  0)
  1034024    307128  19246536  0.000  0.000    0.109    0.090    0    0  (Gen:  0)
  1033912    307192  19541368  0.000  0.000    0.109    0.090    0    0  (Gen:  0)
  1034544  14750552  14824392  0.000  0.012    0.109    0.102    0    0  (Gen:  1)
  1034064    307088  15118968  0.000  0.000    0.109    0.103    0    0  (Gen:  0)
  1035104    307704  15414088  0.000  0.000    0.109    0.103    0    0  (Gen:  0)
  1034440    307416  15708952  0.000  0.000    0.109    0.103    0    0  (Gen:  0)
  1034648    307520  16003832  0.000  0.000    0.109    0.104    0    0  (Gen:  0)
  1034656    307504  16298816  0.000  0.000    0.109    0.104    0    0  (Gen:  0)
  1033472    307368  16593600  0.000  0.001    0.125    0.105    0    0  (Gen:  0)
  1033312    295152  16888256  0.000  0.000    0.125    0.105    0    0  (Gen:  0)
  1034272    308016  17183192  0.000  0.000    0.125    0.106    0    0  (Gen:  0)
  1033568    307904  17477896  0.000  0.000    0.125    0.106    0    0  (Gen:  0)
  1034104    308168  17772736  0.000  0.000    0.125    0.107    0    0  (Gen:  0)
  1033584    308200  18067488  0.000  0.000    0.125    0.107    0    0  (Gen:  0)
  1033424    308520  18362288  0.000  0.000    0.125    0.107    0    0  (Gen:  0)
  1033944    308792  18657136  0.000  0.000    0.125    0.108    0    0  (Gen:  0)
  1033472    308672  18951696  0.000  0.000    0.125    0.108    0    0  (Gen:  0)
  1033880    309032  19246488  0.000  0.000    0.125    0.108    0    0  (Gen:  0)
  1034224    309176  19541304  0.000  0.000    0.125    0.109    0    0  (Gen:  0)
  1035152    309520  19836360  0.000  0.000    0.125    0.109    0    0  (Gen:  0)
  1033496    309160  20131056  0.000  0.000    0.125    0.109    0    0  (Gen:  0)
  1033328    309416  20425752  0.000  0.000    0.125    0.110    0    0  (Gen:  0)
  1033896    309696  20720600  0.000  0.000    0.125    0.110    0    0  (Gen:  0)
  1033752    309768  21015344  0.000  0.000    0.125    0.111    0    0  (Gen:  0)
  1034216    310152  21310256  0.000  0.000    0.125    0.111    0    0  (Gen:  0)
  1033920    310064  21604944  0.000  0.000    0.125    0.111    0    0  (Gen:  0)
  1034496    310424  21899920  0.000  0.000    0.125    0.112    0    0  (Gen:  0)
  1033632    310304  22194760  0.000  0.000    0.125    0.112    0    0  (Gen:  0)
  1033976    310512  22489496  0.000  0.001    0.125    0.113    0    0  (Gen:  0)
  1033480    310608  22784264  0.000  0.000    0.125    0.113    0    0  (Gen:  0)
  1034400    310968  23079200  0.000  0.000    0.125    0.114    0    0  (Gen:  0)
  1033816    310952  23374008  0.000  0.000    0.125    0.114    0    0  (Gen:  0)
  1034136    295320  23668848  0.000  0.000    0.125    0.114    0    0  (Gen:  0)
  1034008    311248  23963728  0.000  0.000    0.125    0.115    0    0  (Gen:  0)
  1033104    311184  24258336  0.000  0.000    0.125    0.115    0    0  (Gen:  0)
  1033976    311640  24553176  0.000  0.000    0.125    0.115    0    0  (Gen:  0)
  1035408    311960  24848216  0.000  0.000    0.125    0.116    0    0  (Gen:  0)
  1033776    311616  25143024  0.000  0.000    0.125    0.116    0    0  (Gen:  0)
  1034080    311848  25437880  0.000  0.000    0.125    0.117    0    0  (Gen:  0)
  1033288    311896  25732648  0.000  0.000    0.125    0.117    0    0  (Gen:  0)
  1032728    311904  26027136  0.000  0.001    0.125    0.118    0    0  (Gen:  0)
  1033896    312600  26321976  0.000  0.001    0.125    0.119    0    0  (Gen:  0)
  1033200    312624  26616720  0.000  0.000    0.125    0.119    0    0  (Gen:  0)
  1034376    313080  26911608  0.000  0.000    0.125    0.119    0    0  (Gen:  0)
  1035112    313240  27206680  0.000  0.000    0.125    0.120    0    0  (Gen:  0)
  1034696    313032  27501528  0.000  0.000    0.125    0.120    0    0  (Gen:  0)
  1033864    313016  27796376  0.000  0.000    0.125    0.120    0    0  (Gen:  0)
  1033040    312864  28090992  0.000  0.000    0.125    0.121    0    0  (Gen:  0)
  1032648    313224  28385592  0.000  0.000    0.125    0.121    0    0  (Gen:  0)
  1034008    313960  28680568  0.016  0.000    0.141    0.122    0    0  (Gen:  0)
  1034528    313944  28975416  0.000  0.000    0.141    0.122    0    0  (Gen:  0)
  1034184    314008  29270344  0.000  0.000    0.141    0.123    0    0  (Gen:  0)
  1033720  22123320  22197160  0.016  0.018    0.156    0.141    0    0  (Gen:  1)
  1033400    314192  22491920  0.000  0.000    0.156    0.141    0    0  (Gen:  0)
  1033984    295400  22786840  0.000  0.000    0.156    0.141    0    0  (Gen:  0)
  1034872    314680  23081736  0.000  0.000    0.156    0.142    0    0  (Gen:  0)
  1034312    314640  23376656  0.000  0.000    0.156    0.142    0    0  (Gen:  0)
  1034432    314672  23671504  0.000  0.000    0.156    0.143    0    0  (Gen:  0)
  1035384    314952  23966648  0.000  0.000    0.156    0.143    0    0  (Gen:  0)
  1034728    314616  24261608  0.000  0.000    0.156    0.143    0    0  (Gen:  0)
  1034392    314544  24556496  0.000  0.000    0.156    0.144    0    0  (Gen:  0)
  1035544    314800  24851568  0.000  0.000    0.156    0.144    0    0  (Gen:  0)
  1034304    314552  25146472  0.000  0.000    0.156    0.145    0    0  (Gen:  0)
  1034576    314712  25441456  0.000  0.000    0.156    0.145    0    0  (Gen:  0)
  1033568    295264  25736224  0.000  0.000    0.156    0.145    0    0  (Gen:  0)
  1033920    314792  26031008  0.000  0.000    0.156    0.146    0    0  (Gen:  0)
  1033880    314856  26325840  0.000  0.000    0.156    0.146    0    0  (Gen:  0)
  1034488    315088  26620744  0.000  0.000    0.156    0.146    0    0  (Gen:  0)
  1033496    314992  26915464  0.000  0.000    0.156    0.147    0    0  (Gen:  0)
  1034536    315408  27210360  0.000  0.000    0.156    0.147    0    0  (Gen:  0)
  1034432    315544  27505360  0.000  0.000    0.156    0.148    0    0  (Gen:  0)
  1033608    315320  27800144  0.000  0.000    0.156    0.148    0    0  (Gen:  0)
  1034680    315696  28095000  0.000  0.000    0.156    0.148    0    0  (Gen:  0)
  1033600    315648  28389872  0.000  0.000    0.156    0.149    0    0  (Gen:  0)
  1034536    295392  28684768  0.000  0.000    0.156    0.149    0    0  (Gen:  0)
  1034720    315896  28979696  0.000  0.000    0.156    0.149    0    0  (Gen:  0)
  1034272    315848  29274648  0.000  0.000    0.156    0.150    0    0  (Gen:  0)
  1034808    316008  29569528  0.000  0.000    0.156    0.150    0    0  (Gen:  0)
  1033672    315800  29864288  0.000  0.000    0.156    0.151    0    0  (Gen:  0)
  1033848    315984  30159144  0.016  0.000    0.172    0.151    0    0  (Gen:  0)
  1032576    295064  30453712  0.000  0.000    0.172    0.152    0    0  (Gen:  0)
  1033544    316616  30748432  0.000  0.000    0.172    0.152    0    0  (Gen:  0)
  1033424    316824  31043120  0.000  0.000    0.172    0.153    0    0  (Gen:  0)
  1034168    317208  31338080  0.000  0.000    0.172    0.153    0    0  (Gen:  0)
  1033944    317088  31632824  0.000  0.000    0.172    0.153    0    0  (Gen:  0)
  1034296    317320  31927680  0.000  0.000    0.172    0.154    0    0  (Gen:  0)
  1035104    317728  32222808  0.000  0.000    0.172    0.154    0    0  (Gen:  0)
  1034144    317240  32517616  0.000  0.000    0.172    0.155    0    0  (Gen:  0)
  1034280    317408  32812504  0.000  0.000    0.172    0.155    0    0  (Gen:  0)
  1035384    317672  33107592  0.000  0.000    0.172    0.155    0    0  (Gen:  0)
  1034664    317256  33402464  0.000  0.000    0.172    0.156    0    0  (Gen:  0)
  1034440    317560  33697488  0.000  0.000    0.172    0.156    0    0  (Gen:  0)
  1034952    317552  33992536  0.000  0.000    0.172    0.157    0    0  (Gen:  0)
  1034280    317432  34287424  0.000  0.000    0.172    0.157    0    0  (Gen:  0)
  1034824    317504  34582312  0.000  0.000    0.172    0.158    0    0  (Gen:  0)
  1034400    317512  34877328  0.000  0.000    0.172    0.158    0    0  (Gen:  0)
  1034888    317504  35172232  0.000  0.000    0.172    0.158    0    0  (Gen:  0)
  1034368    317432  35467072  0.000  0.000    0.172    0.159    0    0  (Gen:  0)
  1033896    317544  35762000  0.000  0.000    0.172    0.159    0    0  (Gen:  0)
  1034720    317640  36056968  0.000  0.000    0.172    0.160    0    0  (Gen:  0)
  1034832    295520  36351992  0.000  0.000    0.172    0.160    0    0  (Gen:  0)
  1032952    317232  36646416  0.000  0.000    0.172    0.161    0    0  (Gen:  0)
  1034112    318216  36941448  0.000  0.000    0.172    0.161    0    0  (Gen:  0)
  1034440    318032  37236376  0.000  0.000    0.172    0.161    0    0  (Gen:  0)
  1033960    295272  37531168  0.000  0.000    0.172    0.162    0    0  (Gen:  0)
  1035240    318336  37826152  0.000  0.000    0.172    0.162    0    0  (Gen:  0)
  1033616    318184  38121008  0.000  0.000    0.172    0.163    0    0  (Gen:  0)
  1034344    318512  38415968  0.000  0.000    0.172    0.163    0    0  (Gen:  0)
  1034088    295296  38710784  0.000  0.000    0.172    0.164    0    0  (Gen:  0)
  1033928    318400  39005568  0.000  0.000    0.172    0.164    0    0  (Gen:  0)
  1034200    318728  39300472  0.000  0.000    0.172    0.164    0    0  (Gen:  0)
  1034272    318704  39595360  0.000  0.000    0.172    0.165    0    0  (Gen:  0)
  1034040    318840  39890216  0.000  0.000    0.172    0.165    0    0  (Gen:  0)
  1034312    318864  40185056  0.000  0.000    0.172    0.166    0    0  (Gen:  0)
  1034160    319072  40479984  0.000  0.000    0.172    0.166    0    0  (Gen:  0)
  1034504    319096  40774872  0.000  0.000    0.172    0.166    0    0  (Gen:  0)
  1033520    319056  41069656  0.000  0.000    0.172    0.167    0    0  (Gen:  0)
  1034272    295376  41364536  0.031  0.000    0.203    0.167    0    0  (Gen:  0)
  1034512    319536  41659464  0.000  0.001    0.203    0.169    0    0  (Gen:  0)
  1035160    319680  41954472  0.000  0.000    0.203    0.169    0    0  (Gen:  0)
  1034056    319416  42249360  0.000  0.000    0.203    0.170    0    0  (Gen:  0)
  1034488    319536  42544200  0.000  0.000    0.203    0.170    0    0  (Gen:  0)
  1033200    319464  42838944  0.000  0.000    0.203    0.170    0    0  (Gen:  0)
  1033352    319560  43133568  0.000  0.000    0.203    0.171    0    0  (Gen:  0)
  1034744    320336  43428632  0.000  0.000    0.203    0.171    0    0  (Gen:  0)
  1034552    320160  43723560  0.000  0.001    0.203    0.172    0    0  (Gen:  0)
  1033776  33035064  33108904  0.031  0.025    0.234    0.197    0    0  (Gen:  1)
  1034808    320344  33403904  0.031  0.000    0.266    0.197    0    0  (Gen:  0)
  1034408    320272  33698792  0.000  0.000    0.266    0.198    0    0  (Gen:  0)
  1034464    320288  33993624  0.000  0.000    0.266    0.198    0    0  (Gen:  0)
  1034552    320528  34288728  0.000  0.000    0.266    0.199    0    0  (Gen:  0)
  1034056    320136  34583392  0.000  0.000    0.266    0.199    0    0  (Gen:  0)
  1034400    320616  34878408  0.000  0.000    0.266    0.200    0    0  (Gen:  0)
  1034112    295304  35173216  0.000  0.000    0.266    0.200    0    0  (Gen:  0)
  1033936    320712  35468120  0.000  0.000    0.266    0.201    0    0  (Gen:  0)
  1034104    320688  35762912  0.000  0.000    0.266    0.201    0    0  (Gen:  0)
  1034056    320880  36057728  0.000  0.001    0.266    0.202    0    0  (Gen:  0)
  1034240    320888  36352512  0.000  0.000    0.266    0.202    0    0  (Gen:  0)
  1034200    321200  36647536  0.000  0.000    0.266    0.203    0    0  (Gen:  0)
  1034744    321152  36942456  0.000  0.000    0.266    0.203    0    0  (Gen:  0)
  1034584    295392  37237368  0.000  0.000    0.266    0.204    0    0  (Gen:  0)
  1033528    321200  37532168  0.000  0.000    0.266    0.204    0    0  (Gen:  0)
  1034464    321472  37827016  0.000  0.000    0.266    0.204    0    0  (Gen:  0)
  1034248    321616  38122024  0.000  0.000    0.266    0.205    0    0  (Gen:  0)
  1034784    321512  38416880  0.000  0.000    0.266    0.205    0    0  (Gen:  0)
  1034352    321536  38711816  0.000  0.000    0.266    0.206    0    0  (Gen:  0)
  1034784    321688  39006784  0.000  0.000    0.266    0.206    0    0  (Gen:  0)
  1034088    321656  39301664  0.000  0.000    0.266    0.206    0    0  (Gen:  0)
  1034312    321624  39596496  0.000  0.000    0.266    0.207    0    0  (Gen:  0)
  1033080    321624  39891264  0.000  0.000    0.266    0.207    0    0  (Gen:  0)
  1034288    321984  40186104  0.000  0.000    0.266    0.208    0    0  (Gen:  0)
  1034272    322040  40480888  0.000  0.000    0.266    0.208    0    0  (Gen:  0)
  1034016    322112  40775768  0.000  0.000    0.266    0.209    0    0  (Gen:  0)
  1033448    322152  41070480  0.000  0.000    0.266    0.209    0    0  (Gen:  0)
  1035008    322688  41365552  0.000  0.000    0.266    0.210    0    0  (Gen:  0)
  1034632    295320  41660392  0.000  0.000    0.266    0.210    0    0  (Gen:  0)
  1034136    322536  41955256  0.000  0.000    0.266    0.210    0    0  (Gen:  0)
  1033752    322608  42250096  0.000  0.000    0.266    0.211    0    0  (Gen:  0)
  1034272    322768  42544976  0.000  0.000    0.266    0.211    0    0  (Gen:  0)
  1035016    323016  42839992  0.016  0.001    0.281    0.213    0    0  (Gen:  0)
  1034232    322768  43134848  0.000  0.000    0.281    0.213    0    0  (Gen:  0)
  1033992    322872  43429672  0.000  0.000    0.281    0.213    0    0  (Gen:  0)
  1034960    323184  43724704  0.000  0.000    0.281    0.214    0    0  (Gen:  0)
  1034904    323136  44019760  0.000  0.000    0.281    0.214    0    0  (Gen:  0)
  1034328    323008  44314688  0.000  0.000    0.281    0.215    0    0  (Gen:  0)
  1035000    323104  44609648  0.000  0.000    0.281    0.215    0    0  (Gen:  0)
  1033032    322664  44904176  0.000  0.000    0.281    0.216    0    0  (Gen:  0)
  1034432    323320  45199160  0.000  0.000    0.281    0.216    0    0  (Gen:  0)
  1034312    323408  45494064  0.000  0.000    0.281    0.216    0    0  (Gen:  0)
  1034136    323376  45788944  0.000  0.000    0.281    0.217    0    0  (Gen:  0)
  1034416    323552  46083896  0.000  0.000    0.281    0.217    0    0  (Gen:  0)
  1034872    295488  46378904  0.000  0.000    0.281    0.218    0    0  (Gen:  0)
  1034488    323256  46673648  0.000  0.000    0.281    0.218    0    0  (Gen:  0)
  1034688    323816  46968736  0.000  0.000    0.281    0.219    0    0  (Gen:  0)
  1034600    323424  47263592  0.000  0.000    0.281    0.219    0    0  (Gen:  0)
  1034216    323656  47558544  0.000  0.000    0.281    0.219    0    0  (Gen:  0)
  1034136    323552  47853352  0.000  0.000    0.281    0.220    0    0  (Gen:  0)
  1034608    323904  48148336  0.000  0.000    0.281    0.220    0    0  (Gen:  0)
  1034136    295456  48443296  0.000  0.000    0.281    0.220    0    0  (Gen:  0)
  1033848    323888  48738176  0.000  0.000    0.281    0.221    0    0  (Gen:  0)
  1034664    323912  49032976  0.000  0.000    0.281    0.221    0    0  (Gen:  0)
  1033368    295280  49327776  0.000  0.000    0.281    0.222    0    0  (Gen:  0)
  1034464    324304  49622696  0.000  0.000    0.281    0.222    0    0  (Gen:  0)
  1034256    324312  49917528  0.000  0.000    0.281    0.222    0    0  (Gen:  0)
  1034864    295488  50212520  0.000  0.000    0.281    0.223    0    0  (Gen:  0)
  1034856    324512  50507536  0.000  0.000    0.281    0.223    0    0  (Gen:  0)
  1034512    324336  50802368  0.000  0.000    0.281    0.223    0    0  (Gen:  0)
  1034808    324664  51097464  0.000  0.000    0.281    0.224    0    0  (Gen:  0)
  1034344    324264  51392264  0.000  0.000    0.281    0.224    0    0  (Gen:  0)
  1033384    324360  51686936  0.000  0.000    0.281    0.225    0    0  (Gen:  0)
  1034208    324840  51981896  0.000  0.000    0.281    0.225    0    0  (Gen:  0)
  1034152    324760  52276776  0.000  0.000    0.281    0.225    0    0  (Gen:  0)
  1034760    324840  52571624  0.000  0.000    0.281    0.226    0    0  (Gen:  0)
  1032512    324720  52866280  0.000  0.000    0.281    0.226    0    0  (Gen:  0)
  1033672    295352  53161136  0.000  0.000    0.281    0.226    0    0  (Gen:  0)
  1033400    325368  53455824  0.000  0.000    0.281    0.227    0    0  (Gen:  0)
  1034360    325800  53750832  0.000  0.000    0.281    0.227    0    0  (Gen:  0)
  1034600    325584  54045672  0.000  0.000    0.281    0.228    0    0  (Gen:  0)
  1034416    325824  54340632  0.000  0.000    0.281    0.228    0    0  (Gen:  0)
  1034576    325784  54635464  0.000  0.000    0.281    0.228    0    0  (Gen:  0)
  1033664    325656  54930240  0.000  0.000    0.281    0.229    0    0  (Gen:  0)
  1034296    326016  55225128  0.000  0.000    0.281    0.229    0    0  (Gen:  0)
  1034288    326176  55520104  0.016  0.000    0.297    0.230    0    0  (Gen:  0)
  1033904    325976  55814864  0.000  0.000    0.297    0.230    0    0  (Gen:  0)
  1034960    326400  56109912  0.000  0.000    0.297    0.230    0    0  (Gen:  0)
  1034384    326048  56404672  0.000  0.000    0.297    0.231    0    0  (Gen:  0)
  1035320    326640  56699928  0.000  0.000    0.297    0.231    0    0  (Gen:  0)
  1034216    326064  56994744  0.000  0.000    0.297    0.231    0    0  (Gen:  0)
  1034648    326184  57289536  0.000  0.000    0.297    0.232    0    0  (Gen:  0)
  1034248    326384  57584464  0.000  0.000    0.297    0.232    0    0  (Gen:  0)
  1034432    295496  57879480  0.000  0.000    0.297    0.233    0    0  (Gen:  0)
  1032968    326200  58174040  0.000  0.000    0.297    0.233    0    0  (Gen:  0)
  1034192    326808  58468944  0.000  0.000    0.297    0.233    0    0  (Gen:  0)
  1033808    295272  58763720  0.000  0.001    0.297    0.234    0    0  (Gen:  0)
  1034456    327096  59058664  0.000  0.001    0.297    0.235    0    0  (Gen:  0)
  1033760    295352  59353520  0.000  0.001    0.297    0.236    0    0  (Gen:  0)
  1033304    327144  59648184  0.000  0.000    0.297    0.237    0    0  (Gen:  0)
  1033336    327328  59942896  0.000  0.000    0.297    0.237    0    0  (Gen:  0)
  1035008    327960  60237864  0.000  0.000    0.297    0.238    0    0  (Gen:  0)
  1034520    327840  60532848  0.000  0.001    0.297    0.238    0    0  (Gen:  0)
  1034520    327744  60827760  0.000  0.000    0.297    0.239    0    0  (Gen:  0)
  1034168    327720  61122600  0.000  0.001    0.297    0.240    0    0  (Gen:  0)
  1034144    327848  61417448  0.000  0.001    0.297    0.240    0    0  (Gen:  0)
  1034064    328032  61712312  0.000  0.000    0.297    0.241    0    0  (Gen:  0)
  1032960    295128  62006944  0.000  0.000    0.297    0.241    0    0  (Gen:  0)
  1033560    328328  62301696  0.000  0.000    0.297    0.242    0    0  (Gen:  0)
  1033408    328640  62596488  0.000  0.000    0.297    0.242    0    0  (Gen:  0)
  1034376    328968  62891344  0.000  0.000    0.297    0.242    0    0  (Gen:  0)
  1032824    328800  63185992  0.000  0.000    0.297    0.243    0    0  (Gen:  0)
  1034200    329376  63481000  0.000  0.000    0.297    0.243    0    0  (Gen:  0)
  1035760    329432  63776112  0.000  0.000    0.297    0.243    0    0  (Gen:  0)
  1033992    328944  64070824  0.000  0.000    0.312    0.244    0    0  (Gen:  0)
  1034584    329392  64365800  0.000  0.000    0.312    0.244    0    0  (Gen:  0)
  1034360    329416  64660784  0.000  0.000    0.312    0.245    0    0  (Gen:  0)
  1034960    329488  64955768  0.000  0.000    0.312    0.245    0    0  (Gen:  0)
  1035144    329544  65250832  0.000  0.000    0.312    0.245    0    0  (Gen:  0)
  1034728  49255224  49329064  0.062  0.037    0.375    0.283    0    0  (Gen:  1)
  1035576    329432  49624272  0.000  0.000    0.375    0.283    0    0  (Gen:  0)
  1034376    328832  49919000  0.000  0.000    0.375    0.284    0    0  (Gen:  0)
  1035560    329120  50214056  0.000  0.000    0.375    0.285    0    0  (Gen:  0)
  1034784    328920  50509048  0.000  0.000    0.375    0.285    0    0  (Gen:  0)
  1034320    328736  50803832  0.000  0.000    0.375    0.285    0    0  (Gen:  0)
  1035336    329272  51099080  0.000  0.000    0.375    0.286    0    0  (Gen:  0)
  1034952    328896  51394048  0.000  0.000    0.375    0.286    0    0  (Gen:  0)
  1035080    328656  51688912  0.000  0.000    0.375    0.287    0    0  (Gen:  0)
  1034472    328960  51983984  0.000  0.000    0.375    0.287    0    0  (Gen:  0)
  1035040    328872  52278952  0.000  0.000    0.375    0.287    0    0  (Gen:  0)
  1034656    328856  52573944  0.000  0.000    0.375    0.288    0    0  (Gen:  0)
  1035272    328640  52868880  0.000  0.000    0.375    0.288    0    0  (Gen:  0)
  1034336    328712  53163872  0.000  0.000    0.375    0.289    0    0  (Gen:  0)
  1034384    295368  53458760  0.000  0.000    0.375    0.289    0    0  (Gen:  0)
  1033720    328680  53753600  0.000  0.000    0.375    0.289    0    0  (Gen:  0)
  1033736    328704  54048248  0.000  0.000    0.375    0.290    0    0  (Gen:  0)
  1034096    329120  54343104  0.000  0.000    0.375    0.290    0    0  (Gen:  0)
  1034728    329400  54638240  0.000  0.000    0.375    0.290    0    0  (Gen:  0)
  1034608    329000  54933000  0.000  0.000    0.375    0.291    0    0  (Gen:  0)
  1034192    329200  55227960  0.000  0.000    0.375    0.291    0    0  (Gen:  0)
  1033688    329088  55522616  0.000  0.000    0.375    0.292    0    0  (Gen:  0)
  1034432    329592  55817600  0.000  0.000    0.375    0.292    0    0  (Gen:  0)
  1034168    329472  56112488  0.000  0.000    0.375    0.292    0    0  (Gen:  0)
  1034680    329584  56407320  0.000  0.000    0.375    0.293    0    0  (Gen:  0)
  1034440    329640  56702144  0.000  0.000    0.375    0.293    0    0  (Gen:  0)
  1034320    330040  56997264  0.016  0.000    0.391    0.294    0    0  (Gen:  0)
  1034568    329760  57292136  0.000  0.000    0.391    0.294    0    0  (Gen:  0)
  1034728    330008  57587208  0.000  0.000    0.391    0.294    0    0  (Gen:  0)
  1035272    295464  57882192  0.000  0.000    0.391    0.295    0    0  (Gen:  0)
  1034072    329456  58176904  0.000  0.000    0.391    0.295    0    0  (Gen:  0)
  1033968    329880  58471896  0.000  0.000    0.391    0.295    0    0  (Gen:  0)
  1034744    329808  58766784  0.000  0.000    0.391    0.296    0    0  (Gen:  0)
  1034936    330056  59061856  0.000  0.000    0.391    0.296    0    0  (Gen:  0)
  1035024    295496  59356872  0.000  0.000    0.391    0.297    0    0  (Gen:  0)
  1033480    329616  59651560  0.000  0.000    0.391    0.297    0    0  (Gen:  0)
  1033856    329768  59946200  0.000  0.000    0.391    0.297    0    0  (Gen:  0)
  1034176    330384  60241240  0.000  0.000    0.391    0.298    0    0  (Gen:  0)
  1034000    330232  60536048  0.000  0.000    0.391    0.298    0    0  (Gen:  0)
  1034728    330432  60830968  0.000  0.000    0.391    0.299    0    0  (Gen:  0)
  1034664    330480  61125928  0.000  0.000    0.391    0.299    0    0  (Gen:  0)
  1034408    330432  61420840  0.000  0.000    0.391    0.300    0    0  (Gen:  0)
  1034832    330648  61715920  0.000  0.000    0.391    0.300    0    0  (Gen:  0)
  1035064    330560  62010936  0.000  0.000    0.391    0.300    0    0  (Gen:  0)
  1033384    330168  62305552  0.000  0.000    0.391    0.301    0    0  (Gen:  0)
  1034904    330848  62600672  0.000  0.000    0.391    0.301    0    0  (Gen:  0)
  1034624    295344  62895536  0.000  0.000    0.391    0.302    0    0  (Gen:  0)
  1034544    330608  63190440  0.000  0.000    0.391    0.302    0    0  (Gen:  0)
  1033600    330408  63485192  0.000  0.000    0.391    0.303    0    0  (Gen:  0)
  1034704    331032  63780208  0.000  0.000    0.391    0.303    0    0  (Gen:  0)
  1034816    295560  64075280  0.000  0.000    0.391    0.303    0    0  (Gen:  0)
  1035440    295616  64370400  0.000  0.000    0.391    0.304    0    0  (Gen:  0)
  1034760    330640  64665200  0.000  0.000    0.391    0.304    0    0  (Gen:  0)
  1034280    330840  64960168  0.000  0.000    0.391    0.304    0    0  (Gen:  0)
  1034760    330800  65255040  0.000  0.000    0.391    0.305    0    0  (Gen:  0)
  1033536    330648  65549800  0.000  0.000    0.391    0.305    0    0  (Gen:  0)
  1034456    331200  65844784  0.000  0.000    0.391    0.306    0    0  (Gen:  0)
  1034088    330936  66139624  0.000  0.000    0.391    0.306    0    0  (Gen:  0)
  1034432    331240  66434648  0.000  0.000    0.391    0.306    0    0  (Gen:  0)
  1034248    331064  66729528  0.000  0.000    0.391    0.307    0    0  (Gen:  0)
  1034024    331088  67024320  0.000  0.000    0.391    0.307    0    0  (Gen:  0)
  1034040    331336  67319096  0.000  0.000    0.391    0.308    0    0  (Gen:  0)
  1033408    331496  67613880  0.000  0.000    0.391    0.308    0    0  (Gen:  0)
  1033192    331440  67908496  0.016  0.000    0.406    0.308    0    0  (Gen:  0)
  1033552    331920  68203320  0.000  0.000    0.406    0.309    0    0  (Gen:  0)
  1035000    295400  68498232  0.000  0.000    0.406    0.309    0    0  (Gen:  0)
  1034408    332296  68793312  0.000  0.000    0.406    0.310    0    0  (Gen:  0)
  1034400    332040  69088072  0.000  0.000    0.406    0.310    0    0  (Gen:  0)
  1034680    295488  69383072  0.000  0.000    0.406    0.310    0    0  (Gen:  0)
  1033816    295328  69677904  0.000  0.000    0.406    0.311    0    0  (Gen:  0)
  1034152    332352  69972760  0.000  0.000    0.406    0.311    0    0  (Gen:  0)
  1033432    332504  70267632  0.000  0.000    0.406    0.312    0    0  (Gen:  0)
  1035208    332808  70562560  0.000  0.000    0.406    0.312    0    0  (Gen:  0)
  1034440    332544  70857352  0.000  0.000    0.406    0.312    0    0  (Gen:  0)
  1033088    332760  71152192  0.000  0.000    0.406    0.313    0    0  (Gen:  0)
  1034808    333000  71447152  0.000  0.000    0.406    0.313    0    0  (Gen:  0)
  1035376    333104  71742224  0.000  0.000    0.406    0.314    0    0  (Gen:  0)
  1034416    332616  72037024  0.000  0.000    0.406    0.314    0    0  (Gen:  0)
  1033728    333080  72332064  0.000  0.000    0.406    0.314    0    0  (Gen:  0)
  1035136    332888  72626840  0.000  0.000    0.406    0.315    0    0  (Gen:  0)
  1034832    333032  72921840  0.000  0.000    0.406    0.315    0    0  (Gen:  0)
  1034424    333176  73216800  0.000  0.000    0.406    0.315    0    0  (Gen:  0)
  1034184    332816  73511504  0.000  0.000    0.406    0.316    0    0  (Gen:  0)
  1035136    333312  73806616  0.000  0.000    0.406    0.316    0    0  (Gen:  0)
  1034312    333032  74101536  0.000  0.000    0.406    0.317    0    0  (Gen:  0)
  1034184    333248  74396472  0.000  0.000    0.406    0.317    0    0  (Gen:  0)
  1035040    333088  74691320  0.000  0.000    0.406    0.317    0    0  (Gen:  0)
  1032456    332880  74985784  0.000  0.000    0.406    0.318    0    0  (Gen:  0)
  1033176    333456  75280456  0.000  0.000    0.406    0.318    0    0  (Gen:  0)
  1032728    333624  75575008  0.000  0.000    0.406    0.319    0    0  (Gen:  0)
  1033520    334344  75869872  0.000  0.000    0.406    0.319    0    0  (Gen:  0)
  1032776    334176  76164376  0.000  0.000    0.406    0.320    0    0  (Gen:  0)
  1032480    334592  76458936  0.000  0.000    0.406    0.320    0    0  (Gen:  0)
  1032832    335072  76753608  0.000  0.000    0.406    0.320    0    0  (Gen:  0)
  1033536    335560  77048384  0.000  0.000    0.406    0.321    0    0  (Gen:  0)
  1032600    335472  77342824  0.000  0.000    0.406    0.321    0    0  (Gen:  0)
  1033176    336192  77637592  0.000  0.000    0.406    0.322    0    0  (Gen:  0)
  1033592    336432  77932312  0.000  0.000    0.406    0.322    0    0  (Gen:  0)
  1033552    336680  78227144  0.000  0.000    0.406    0.323    0    0  (Gen:  0)
  1032936    295080  78521744  0.000  0.000    0.406    0.323    0    0  (Gen:  0)
  1032088    336880  78816240  0.000  0.000    0.406    0.323    0    0  (Gen:  0)
  1032552    337464  79110824  0.000  0.000    0.406    0.324    0    0  (Gen:  0)
  1032704    337936  79405440  0.016  0.000    0.422    0.324    0    0  (Gen:  0)
  1033312    338288  79700040  0.000  0.000    0.422    0.325    0    0  (Gen:  0)
  1033936    338736  79994960  0.000  0.000    0.422    0.325    0    0  (Gen:  0)
  1034424    339016  80289960  0.000  0.000    0.422    0.325    0    0  (Gen:  0)
  1034992    339056  80585008  0.000  0.000    0.422    0.326    0    0  (Gen:  0)
  1034808    338736  80879888  0.000  0.000    0.422    0.326    0    0  (Gen:  0)
  1034312    338712  81174728  0.000  0.000    0.422    0.327    0    0  (Gen:  0)
  1034424    338952  81469688  0.000  0.000    0.422    0.327    0    0  (Gen:  0)
  1035744    339176  81764872  0.000  0.000    0.422    0.328    0    0  (Gen:  0)
  1035272    338952  82059992  0.000  0.000    0.422    0.328    0    0  (Gen:  0)
  1034680    338520  82354808  0.000  0.000    0.422    0.329    0    0  (Gen:  0)
  1034536    338824  82649880  0.000  0.000    0.422    0.329    0    0  (Gen:  0)
  1034816    338688  82944800  0.000  0.000    0.422    0.330    0    0  (Gen:  0)
  1033944    338656  83239680  0.000  0.000    0.422    0.330    0    0  (Gen:  0)
  1034424    338784  83534576  0.000  0.000    0.422    0.331    0    0  (Gen:  0)
  1035304    338880  83829536  0.000  0.000    0.422    0.331    0    0  (Gen:  0)
  1035024    338984  84124696  0.000  0.000    0.422    0.331    0    0  (Gen:  0)
  1034264    338552  84419560  0.000  0.000    0.422    0.332    0    0  (Gen:  0)
  1033928    338552  84714328  0.000  0.000    0.422    0.332    0    0  (Gen:  0)
  1033352    338680  85009032  0.000  0.000    0.422    0.333    0    0  (Gen:  0)
  1034096    339048  85303880  0.000  0.000    0.422    0.333    0    0  (Gen:  0)
  1034696    339192  85598792  0.000  0.000    0.422    0.334    0    0  (Gen:  0)
  1034312    339144  85893608  0.000  0.000    0.422    0.334    0    0  (Gen:  0)
  1033160    339144  86188280  0.000  0.000    0.422    0.335    0    0  (Gen:  0)
  1033808    339672  86483096  0.000  0.000    0.422    0.335    0    0  (Gen:  0)
  1033864    339680  86777872  0.000  0.000    0.422    0.336    0    0  (Gen:  0)
  1033416    339896  87072616  0.000  0.000    0.422    0.336    0    0  (Gen:  0)
  1033880    340128  87367376  0.000  0.000    0.422    0.336    0    0  (Gen:  0)
  1034080    340464  87662336  0.000  0.000    0.422    0.337    0    0  (Gen:  0)
  1034520    340488  87957224  0.000  0.000    0.422    0.337    0    0  (Gen:  0)
  1034408    340608  88252256  0.000  0.000    0.422    0.338    0    0  (Gen:  0)
  1034824    340464  88547216  0.000  0.000    0.422    0.338    0    0  (Gen:  0)
  1034480    340592  88842216  0.016  0.000    0.438    0.339    0    0  (Gen:  0)
  1033616    294992  89136736  0.000  0.000    0.438    0.339    0    0  (Gen:  0)
  1032688    340616  89431528  0.000  0.000    0.438    0.339    0    0  (Gen:  0)
  1034272    295232  89726288  0.000  0.000    0.438    0.340    0    0  (Gen:  0)
  1033840    340976  90021080  0.000  0.000    0.438    0.340    0    0  (Gen:  0)
  1034864    341232  90316000  0.000  0.000    0.438    0.341    0    0  (Gen:  0)
  1035288    341512  90611096  0.000  0.000    0.438    0.341    0    0  (Gen:  0)
  1033560    341256  90905944  0.000  0.000    0.438    0.342    0    0  (Gen:  0)
  1034264    341304  91200768  0.000  0.000    0.438    0.342    0    0  (Gen:  0)
  1033712    295320  91495592  0.000  0.000    0.438    0.343    0    0  (Gen:  0)
  1033856    341480  91790368  0.000  0.000    0.438    0.343    0    0  (Gen:  0)
  1034704    341936  92085448  0.000  0.000    0.438    0.344    0    0  (Gen:  0)
  1034992    341896  92380416  0.000  0.000    0.438    0.344    0    0  (Gen:  0)
  1034504    341688  92675312  0.000  0.000    0.438    0.344    0    0  (Gen:  0)
  1034648    341712  92970200  0.000  0.000    0.438    0.345    0    0  (Gen:  0)
  1034568    341968  93265176  0.000  0.000    0.438    0.345    0    0  (Gen:  0)
  1034416    341936  93560104  0.000  0.000    0.438    0.346    0    0  (Gen:  0)
  1034392    341920  93854952  0.000  0.000    0.438    0.346    0    0  (Gen:  0)
  1033944    341832  94149728  0.000  0.000    0.438    0.346    0    0  (Gen:  0)
  1034232    342184  94444704  0.000  0.000    0.438    0.347    0    0  (Gen:  0)
  1034232    342032  94739424  0.000  0.000    0.438    0.347    0    0  (Gen:  0)
  1033568    342104  95034208  0.000  0.000    0.438    0.348    0    0  (Gen:  0)
  1034216    342512  95329104  0.000  0.000    0.438    0.348    0    0  (Gen:  0)
  1033320    295128  95623752  0.000  0.000    0.438    0.349    0    0  (Gen:  0)
  1033424    342808  95918584  0.000  0.000    0.438    0.349    0    0  (Gen:  0)
  1032728    342656  96213112  0.000  0.000    0.438    0.349    0    0  (Gen:  0)
  1033256    295352  96507984  0.000  0.000    0.438    0.350    0    0  (Gen:  0)
  1033752    343512  96802768  0.000  0.000    0.438    0.350    0    0  (Gen:  0)
  1034192    343768  97097696  0.000  0.000    0.438    0.351    0    0  (Gen:  0)
  1034416    343784  97392488  0.000  0.000    0.438    0.351    0    0  (Gen:  0)
  1034640  73438056  73511896  0.062  0.056    0.500    0.408    0    0  (Gen:  1)
  1033928    343800  73806568  0.000  0.000    0.500    0.408    0    0  (Gen:  0)
  1034640    344208  74101552  0.000  0.000    0.500    0.409    0    0  (Gen:  0)
  1033672    343944  74396296  0.000  0.000    0.500    0.409    0    0  (Gen:  0)
  1033928    344208  74691088  0.000  0.000    0.500    0.410    0    0  (Gen:  0)
  1033760    344568  74986080  0.000  0.000    0.500    0.410    0    0  (Gen:  0)
  1034288    343912  75280328  0.000  0.000    0.500    0.411    0    0  (Gen:  0)
  1033280    343232  75574608  0.000  0.000    0.500    0.411    0    0  (Gen:  0)
  1034288    342696  75869032  0.000  0.000    0.500    0.412    0    0  (Gen:  0)
  1034304    342432  76163728  0.000  0.000    0.500    0.412    0    0  (Gen:  0)
  1034864    342864  76459120  0.000  0.000    0.500    0.413    0    0  (Gen:  0)
  1033744    342520  76753736  0.000  0.000    0.500    0.413    0    0  (Gen:  0)
  1034696    342360  77048536  0.000  0.000    0.500    0.414    0    0  (Gen:  0)
  1033864    341368  77342504  0.000  0.000    0.500    0.414    0    0  (Gen:  0)
  1033296    340600  77636696  0.000  0.000    0.500    0.415    0    0  (Gen:  0)
  1033784    340552  77931608  0.000  0.000    0.500    0.415    0    0  (Gen:  0)
  1033832    339384  78225408  0.000  0.000    0.500    0.415    0    0  (Gen:  0)
  1034088    339016  78519944  0.000  0.000    0.500    0.416    0    0  (Gen:  0)
  1034368    338792  78814680  0.000  0.000    0.500    0.416    0    0  (Gen:  0)
  1033744    338288  79109136  0.000  0.000    0.500    0.417    0    0  (Gen:  0)
  1033360    337384  79403192  0.000  0.000    0.500    0.417    0    0  (Gen:  0)
  1033200    336544  79697312  0.000  0.000    0.500    0.418    0    0  (Gen:  0)
  1034696    336472  79992200  0.000  0.000    0.500    0.418    0    0  (Gen:  0)
  1034248    336328  80287016  0.000  0.000    0.516    0.419    0    0  (Gen:  0)
  1034904    336344  80581992  0.000  0.000    0.516    0.419    0    0  (Gen:  0)
  1033176    335464  80876072  0.000  0.000    0.516    0.420    0    0  (Gen:  0)
  1034440    335248  81170816  0.000  0.000    0.516    0.420    0    0  (Gen:  0)
  1033792    334936  81465464  0.000  0.000    0.516    0.421    0    0  (Gen:  0)
  1034680    335032  81760520  0.000  0.000    0.516    0.421    0    0  (Gen:  0)
  1033976    334264  82054712  0.000  0.000    0.516    0.421    0    0  (Gen:  0)
  1033472    333592  82349000  0.000  0.000    0.516    0.422    0    0  (Gen:  0)
  1034104    333240  82643608  0.000  0.000    0.516    0.422    0    0  (Gen:  0)
  1034824    333256  82938584  0.000  0.000    0.516    0.423    0    0  (Gen:  0)
  1034176    332992  83233280  0.000  0.000    0.516    0.423    0    0  (Gen:  0)
  1034440    332856  83528112  0.000  0.000    0.516    0.424    0    0  (Gen:  0)
  1033920    332160  83822328  0.000  0.000    0.516    0.424    0    0  (Gen:  0)
  1033224    331648  84116720  0.000  0.000    0.516    0.425    0    0  (Gen:  0)
  1033056    330008  84410040  0.000  0.000    0.516    0.425    0    0  (Gen:  0)
  1033328    329272  84704264  0.000  0.000    0.516    0.425    0    0  (Gen:  0)
  1032712    328056  84998016  0.000  0.000    0.516    0.426    0    0  (Gen:  0)
  1034248    328264  85293128  0.000  0.000    0.516    0.426    0    0  (Gen:  0)
  1033888    327664  85587488  0.000  0.000    0.516    0.427    0    0  (Gen:  0)
  1034352    327360  85882152  0.000  0.000    0.516    0.427    0    0  (Gen:  0)
  1035128    327552  86177256  0.000  0.000    0.516    0.428    0    0  (Gen:  0)
  1033344    326808  86471416  0.000  0.000    0.516    0.428    0    0  (Gen:  0)
  1033760    325792  86765360  0.000  0.000    0.516    0.429    0    0  (Gen:  0)
  1032688    324688  87059216  0.000  0.000    0.516    0.429    0    0  (Gen:  0)
  1033080    323920  87353408  0.000  0.000    0.516    0.429    0    0  (Gen:  0)
  1033624    323440  87647888  0.000  0.000    0.516    0.430    0    0  (Gen:  0)
  1034240    323176  87942584  0.000  0.000    0.516    0.430    0    0  (Gen:  0)
  1035056    323176  88237544  0.000  0.000    0.516    0.431    0    0  (Gen:  0)
  1033920    322800  88532136  0.000  0.000    0.516    0.431    0    0  (Gen:  0)
  1034528    322888  88827128  0.000  0.000    0.516    0.432    0    0  (Gen:  0)
  1034648    322632  89121832  0.000  0.000    0.516    0.432    0    0  (Gen:  0)
  1034696    322624  89416784  0.031  0.000    0.547    0.433    0    0  (Gen:  0)
  1034888    322800  89711928  0.000  0.000    0.547    0.433    0    0  (Gen:  0)
  1033808    322120  90006152  0.000  0.000    0.547    0.434    0    0  (Gen:  0)
  1034504    321976  90300968  0.000  0.000    0.547    0.434    0    0  (Gen:  0)
  1033472    321400  90595352  0.000  0.000    0.547    0.435    0    0  (Gen:  0)
  1033976    320904  90889816  0.000  0.000    0.547    0.435    0    0  (Gen:  0)
  1033952    320464  91184336  0.000  0.000    0.547    0.435    0    0  (Gen:  0)
  1034096    320008  91478840  0.000  0.000    0.547    0.436    0    0  (Gen:  0)
  1033896    319584  91773376  0.000  0.000    0.547    0.436    0    0  (Gen:  0)
  1033624    318976  92067728  0.000  0.000    0.547    0.437    0    0  (Gen:  0)
  1034056    318448  92362160  0.000  0.000    0.547    0.437    0    0  (Gen:  0)
  1034784    318616  92657288  0.000  0.000    0.547    0.438    0    0  (Gen:  0)
  1034632    318592  92952224  0.000  0.000    0.547    0.438    0    0  (Gen:  0)
  1034272    318232  93246824  0.000  0.000    0.547    0.439    0    0  (Gen:  0)
  1033824    317680  93541232  0.000  0.000    0.547    0.439    0    0  (Gen:  0)
  1033696    317112  93835624  0.000  0.000    0.547    0.440    0    0  (Gen:  0)
  1034944    317384  94130856  0.000  0.000    0.547    0.440    0    0  (Gen:  0)
  1035080    317512  94425944  0.000  0.000    0.547    0.440    0    0  (Gen:  0)
  1033672    316872  94720264  0.000  0.000    0.547    0.441    0    0  (Gen:  0)
  1033376    316096  95014448  0.000  0.000    0.547    0.441    0    0  (Gen:  0)
  1034480    315968  95309280  0.000  0.000    0.547    0.442    0    0  (Gen:  0)
  1033656    315168  95603448  0.000  0.000    0.547    0.442    0    0  (Gen:  0)
  1034232    314992  95898176  0.000  0.000    0.547    0.443    0    0  (Gen:  0)
  1034432    315048  96193200  0.000  0.000    0.547    0.443    0    0  (Gen:  0)
  1034760    315296  96488352  0.000  0.000    0.547    0.444    0    0  (Gen:  0)
  1034464    314728  96782744  0.000  0.000    0.547    0.444    0    0  (Gen:  0)
  1033768    314296  97077272  0.000  0.000    0.547    0.445    0    0  (Gen:  0)
  1034344    314008  97371944  0.000  0.000    0.547    0.445    0    0  (Gen:  0)
  1033992    313648  97666544  0.000  0.000    0.547    0.445    0    0  (Gen:  0)
  1035112    313728  97961592  0.000  0.000    0.547    0.446    0    0  (Gen:  0)
  1034272    313448  98256216  0.000  0.000    0.547    0.446    0    0  (Gen:  0)
  1034968    313624  98551352  0.000  0.000    0.547    0.447    0    0  (Gen:  0)
  1034696    313696  98846384  0.000  0.000    0.547    0.447    0    0  (Gen:  0)
  1034040    313312  99140960  0.000  0.000    0.547    0.448    0    0  (Gen:  0)
  1034200    312976  99435584  0.000  0.000    0.547    0.448    0    0  (Gen:  0)
  1034144    312648  99730216  0.031  0.000    0.578    0.449    0    0  (Gen:  0)
  1034240    312392 100024920  0.000  0.000    0.578    0.449    0    0  (Gen:  0)
  1034320    312208 100319696  0.000  0.000    0.578    0.450    0    0  (Gen:  0)
  1034400    311896 100614344  0.000  0.000    0.578    0.450    0    0  (Gen:  0)
  1033960    311416 100908824  0.000  0.000    0.578    0.450    0    0  (Gen:  0)
  1033984    311032 101203400  0.000  0.001    0.578    0.451    0    0  (Gen:  0)
  1034224    310768 101498096  0.000  0.000    0.578    0.452    0    0  (Gen:  0)
  1034264    310432 101792720  0.000  0.000    0.578    0.452    0    0  (Gen:  0)
  1033808    310072 102087320  0.000  0.000    0.578    0.453    0    0  (Gen:  0)
  1033592    309168 102381384  0.000  0.000    0.578    0.453    0    0  (Gen:  0)
  1034248    308992 102676112  0.000  0.000    0.578    0.454    0    0  (Gen:  0)
  1033312    307912 102969992  0.000  0.000    0.578    0.454    0    0  (Gen:  0)
  1032784    306688 103263728  0.000  0.000    0.578    0.455    0    0  (Gen:  0)
  1032656    305520 103557528  0.000  0.000    0.578    0.455    0    0  (Gen:  0)
  1033400    304752 103851664  0.000  0.000    0.578    0.456    0    0  (Gen:  0)
  1031768    302848 104144720  0.000  0.000    0.578    0.456    0    0  (Gen:  0)
  1033432    302080 104438912  0.000  0.000    0.578    0.456    0    0  (Gen:  0)
  1033448    301384 104733176  0.000  0.000    0.578    0.457    0    0  (Gen:  0)
  1033688    300776 105027528  0.000  0.000    0.578    0.457    0    0  (Gen:  0)
  1034368    300576 105322288  0.000  0.000    0.578    0.458    0    0  (Gen:  0)
  1035288    300880 105617552  0.000  0.000    0.578    0.458    0    0  (Gen:  0)
  1033856    300480 105912120  0.000  0.000    0.578    0.459    0    0  (Gen:  0)
  1034008    300048 106206592  0.000  0.000    0.578    0.459    0    0  (Gen:  0)
  1033904    299528 106501032  0.000  0.000    0.578    0.460    0    0  (Gen:  0)
  1033592    298856 106795320  0.000  0.000    0.578    0.460    0    0  (Gen:  0)
  1034248    298592 107090016  0.000  0.000    0.578    0.460    0    0  (Gen:  0)
  1034064    298120 107384504  0.000  0.000    0.578    0.461    0    0  (Gen:  0)
  1034056    297752 107679096  0.000  0.000    0.578    0.461    0    0  (Gen:  0)
  1034032    297280 107973584  0.000  0.000    0.578    0.462    0    0  (Gen:  0)
  1034448    297232 108268496  0.000  0.000    0.578    0.462    0    0  (Gen:  0)
  1033880    296672 108562896  0.000  0.000    0.578    0.463    0    0  (Gen:  0)
  1033720    296080 108857264  0.000  0.000    0.594    0.463    0    0  (Gen:  0)
  1034240    295736 109151880  0.000  0.000    0.594    0.464    0    0  (Gen:  0)
  1032760    295248 109446352  0.000  0.000    0.594    0.464    0    0  (Gen:  0)
  1033832    295368 109741144  0.000  0.000    0.594    0.464    0    0  (Gen:  0)
  1034360    295632 110036032  0.000  0.000    0.594    0.465    0    0  (Gen:  0)
  1034264    295712 110330928  0.000  0.000    0.594    0.465    0    0  (Gen:  0)
  1034000    295712 110625792  0.000  0.000    0.594    0.466    0    0  (Gen:  0)
  1034488    296000 110920752  0.000  0.000    0.594    0.466    0    0  (Gen:  0)
  1033960    295920 111215536  0.000  0.000    0.594    0.467    0    0  (Gen:  0)
  1034656    296184 111510472  0.000  0.000    0.594    0.467    0    0  (Gen:  0)
  1033720    296008 111805304  0.000  0.000    0.594    0.467    0    0  (Gen:  0)
  1034352    296240 112100112  0.000  0.000    0.594    0.468    0    0  (Gen:  0)
  1034736    296464 112395152  0.000  0.000    0.594    0.468    0    0  (Gen:  0)
  1034448    296392 112690040  0.000  0.000    0.594    0.469    0    0  (Gen:  0)
  1034472    296424 112984984  0.000  0.000    0.594    0.469    0    0  (Gen:  0)
  1034616    296448 113279872  0.000  0.000    0.594    0.470    0    0  (Gen:  0)
  1033928    296352 113574688  0.000  0.000    0.594    0.470    0    0  (Gen:  0)
  1034848    296688 113869696  0.000  0.000    0.594    0.471    0    0  (Gen:  0)
  1033552    296312 114164384  0.000  0.000    0.594    0.471    0    0  (Gen:  0)
  1034528    296728 114459320  0.000  0.000    0.594    0.471    0    0  (Gen:  0)
  1034088    296736 114754144  0.000  0.000    0.594    0.472    0    0  (Gen:  0)
  1034120    296840 115048976  0.000  0.000    0.594    0.472    0    0  (Gen:  0)
  1035288    297032 115343984  0.000  0.000    0.594    0.473    0    0  (Gen:  0)
  1034352    296848 115638896  0.000  0.000    0.594    0.473    0    0  (Gen:  0)
  1034456    296976 115933792  0.000  0.000    0.594    0.474    0    0  (Gen:  0)
  1034040    296960 116228640  0.000  0.000    0.594    0.474    0    0  (Gen:  0)
  1033264    296960 116523416  0.000  0.000    0.594    0.475    0    0  (Gen:  0)
  1034296    295320 116818256  0.000  0.000    0.594    0.475    0    0  (Gen:  0)
  1034232    297432 117113120  0.000  0.000    0.594    0.476    0    0  (Gen:  0)
  1034160    297616 117408072  0.000  0.000    0.594    0.476    0    0  (Gen:  0)
  1034336    297608 117702880  0.000  0.000    0.594    0.476    0    0  (Gen:  0)
  1034480    297720 117997808  0.000  0.000    0.594    0.477    0    0  (Gen:  0)
  1034168    297720 118292672  0.000  0.000    0.594    0.477    0    0  (Gen:  0)
  1033584    297720 118587440  0.000  0.000    0.594    0.478    0    0  (Gen:  0)
  1033960    297976 118882272  0.000  0.000    0.594    0.478    0    0  (Gen:  0)
  1033264    297968 119176936  0.000  0.000    0.594    0.478    0    0  (Gen:  0)
  1034192    298408 119471808  0.016  0.000    0.609    0.479    0    0  (Gen:  0)
  1034640    298712 119766840  0.000  0.000    0.609    0.479    0    0  (Gen:  0)
  1033368    295184 120061544  0.000  0.000    0.609    0.480    0    0  (Gen:  0)
  1034024    298808 120356416  0.000  0.000    0.609    0.480    0    0  (Gen:  0)
  1034392    295392 120651328  0.000  0.000    0.609    0.481    0    0  (Gen:  0)
  1033120    298800 120945976  0.000  0.000    0.609    0.481    0    0  (Gen:  0)
  1034528    299216 121240832  0.000  0.000    0.609    0.481    0    0  (Gen:  0)
  1034224    299232 121535704  0.000  0.000    0.609    0.482    0    0  (Gen:  0)
  1033832    299376 121830568  0.000  0.000    0.609    0.482    0    0  (Gen:  0)
  1034304    299576 122125440  0.000  0.000    0.609    0.483    0    0  (Gen:  0)
  1032664    299304 122419984  0.000  0.000    0.609    0.483    0    0  (Gen:  0)
  1033448    299864 122714736  0.000  0.000    0.609    0.484    0    0  (Gen:  0)
  1032432    299952 123009312  0.000  0.001    0.609    0.484    0    0  (Gen:  0)
  1034680    295440 123304256  0.000  0.001    0.609    0.485    0    0  (Gen:  0)
  1034272    300632 123599128  0.000  0.001    0.609    0.486    0    0  (Gen:  0)
  1034896    300904 123894216  0.000  0.000    0.609    0.487    0    0  (Gen:  0)
  1033600    300600 124188976  0.000  0.000    0.609    0.487    0    0  (Gen:  0)
  1034376    295432 124483912  0.000  0.000    0.609    0.488    0    0  (Gen:  0)
  1034496    300968 124778768  0.000  0.000    0.609    0.488    0    0  (Gen:  0)
  1034272    300936 125073648  0.000  0.000    0.609    0.488    0    0  (Gen:  0)
  1034232    301096 125368576  0.000  0.000    0.609    0.489    0    0  (Gen:  0)
  1034656    301264 125663512  0.000  0.000    0.609    0.489    0    0  (Gen:  0)
  1034440    301128 125958384  0.000  0.000    0.609    0.490    0    0  (Gen:  0)
  1033640    301056 126253128  0.000  0.000    0.609    0.490    0    0  (Gen:  0)
  1035016    301536 126548136  0.000  0.000    0.609    0.490    0    0  (Gen:  0)
  1033888    301408 126843064  0.000  0.000    0.609    0.491    0    0  (Gen:  0)
  1035064    301648 127138072  0.000  0.000    0.609    0.491    0    0  (Gen:  0)
  1033528    301248 127432728  0.000  0.000    0.609    0.492    0    0  (Gen:  0)
  1035000    301816 127727776  0.000  0.000    0.609    0.492    0    0  (Gen:  0)
  1034640    301656 128022720  0.000  0.000    0.609    0.492    0    0  (Gen:  0)
  1034488    301664 128317696  0.000  0.000    0.609    0.493    0    0  (Gen:  0)
  1033472    295272 128612496  0.000  0.000    0.609    0.494    0    0  (Gen:  0)
  1034424    295328 128907328  0.000  0.000    0.609    0.494    0    0  (Gen:  0)
  1032808    301720 129202032  0.016  0.000    0.625    0.494    0    0  (Gen:  0)
  1032856    302008 129496608  0.000  0.000    0.625    0.495    0    0  (Gen:  0)
  1033288    302424 129791312  0.000  0.000    0.625    0.495    0    0  (Gen:  0)
  1034624    302888 130086256  0.000  0.000    0.625    0.496    0    0  (Gen:  0)
  1034264    302832 130381160  0.000  0.000    0.625    0.496    0    0  (Gen:  0)
  1033976    302808 130675952  0.000  0.000    0.625    0.497    0    0  (Gen:  0)
  1034808    303200 130970968  0.000  0.000    0.625    0.497    0    0  (Gen:  0)
  1034616    303096 131265872  0.000  0.000    0.625    0.497    0    0  (Gen:  0)
  1033904    303040 131560728  0.000  0.000    0.625    0.498    0    0  (Gen:  0)
  1034120    303168 131855576  0.000  0.000    0.625    0.498    0    0  (Gen:  0)
  1034152    303248 132150424  0.000  0.000    0.625    0.499    0    0  (Gen:  0)
  1033016    303192 132445040  0.000  0.000    0.625    0.499    0    0  (Gen:  0)
  1033248    303552 132739736  0.000  0.001    0.625    0.500    0    0  (Gen:  0)
  1033368    303848 133034464  0.000  0.000    0.625    0.500    0    0  (Gen:  0)
  1033440    304200 133329256  0.000  0.001    0.625    0.501    0    0  (Gen:  0)
  1033816    295256 133624016  0.000  0.000    0.625    0.502    0    0  (Gen:  0)
  1033704    304584 133918872  0.000  0.000    0.625    0.502    0    0  (Gen:  0)
  1033304    304584 134213496  0.000  0.000    0.625    0.503    0    0  (Gen:  0)
  1033192    304904 134508200  0.000  0.000    0.625    0.503    0    0  (Gen:  0)
  1034856    305560 134803240  0.000  0.001    0.625    0.504    0    0  (Gen:  0)
  1034000    305304 135098040  0.000  0.000    0.625    0.504    0    0  (Gen:  0)
  1034280    305456 135392968  0.000  0.000    0.625    0.505    0    0  (Gen:  0)
  1034984    295544 135688032  0.000  0.000    0.625    0.505    0    0  (Gen:  0)
  1034520    305496 135982864  0.000  0.000    0.625    0.505    0    0  (Gen:  0)
  1034440    305456 136277696  0.000  0.000    0.625    0.506    0    0  (Gen:  0)
  1032224    305184 136572232  0.000  0.000    0.625    0.506    0    0  (Gen:  0)
  1034232    306088 136867184  0.000  0.000    0.625    0.507    0    0  (Gen:  0)
  1034888    306048 137162056  0.000  0.000    0.625    0.507    0    0  (Gen:  0)
  1033712    306048 137456872  0.000  0.000    0.625    0.507    0    0  (Gen:  0)
  1033288    306152 137751648  0.000  0.000    0.625    0.508    0    0  (Gen:  0)
  1033528    306360 138046288  0.000  0.000    0.625    0.508    0    0  (Gen:  0)
  1033712    306608 138341024  0.000  0.000    0.625    0.509    0    0  (Gen:  0)
  1034248    306912 138635944  0.000  0.000    0.625    0.509    0    0  (Gen:  0)
  1034232    306960 138930808  0.031  0.000    0.656    0.510    0    0  (Gen:  0)
  1033224    306840 139225456  0.000  0.000    0.656    0.510    0    0  (Gen:  0)
  1032840    307104 139520056  0.000  0.000    0.656    0.511    0    0  (Gen:  0)
  1034016    307816 139815008  0.000  0.000    0.656    0.511    0    0  (Gen:  0)
  1033592    307680 140109688  0.000  0.000    0.656    0.511    0    0  (Gen:  0)
  1034568    308088 140404624  0.000  0.000    0.656    0.512    0    0  (Gen:  0)
  1034472    308064 140699512  0.000  0.000    0.656    0.512    0    0  (Gen:  0)
  1034064    308168 140994432  0.000  0.000    0.656    0.513    0    0  (Gen:  0)
  1033392    307976 141289064  0.000  0.000    0.656    0.513    0    0  (Gen:  0)
  1034600    308360 141583928  0.000  0.000    0.656    0.513    0    0  (Gen:  0)
  1033656    308240 141878624  0.000  0.000    0.656    0.514    0    0  (Gen:  0)
  1033976    308664 142173520  0.000  0.000    0.656    0.514    0    0  (Gen:  0)
  1033704    308664 142468288  0.000  0.000    0.656    0.515    0    0  (Gen:  0)
  1033976    308920 142763120  0.000  0.000    0.656    0.515    0    0  (Gen:  0)
  1033544    308976 143057848  0.000  0.000    0.656    0.515    0    0  (Gen:  0)
  1033424    309168 143352568  0.000  0.000    0.656    0.516    0    0  (Gen:  0)
  1032728    309376 143647256  0.000  0.000    0.656    0.516    0    0  (Gen:  0)
  1034680    310040 143942216  0.000  0.000    0.656    0.517    0    0  (Gen:  0)
  1032472    294960 144236696  0.000  0.000    0.656    0.517    0    0  (Gen:  0)
  1034128    310368 144531584  0.000  0.001    0.656    0.518    0    0  (Gen:  0)
  1033912    310360 144826392  0.000  0.000    0.656    0.518    0    0  (Gen:  0)
  1033448 109220728 109294568  0.125  0.081    0.781    0.600    0    0  (Gen:  1)
  1033560    310480 109589024  0.000  0.000    0.781    0.600    0    0  (Gen:  0)
  1033184    310880 109883744  0.000  0.000    0.781    0.601    0    0  (Gen:  0)
  1033128    295184 110178456  0.000  0.000    0.781    0.601    0    0  (Gen:  0)
  1033736    295224 110473200  0.000  0.000    0.781    0.602    0    0  (Gen:  0)
  1032952    311544 110767824  0.000  0.000    0.781    0.602    0    0  (Gen:  0)
  1033888    312136 111062704  0.000  0.000    0.781    0.602    0    0  (Gen:  0)
  1034944    312432 111357776  0.000  0.000    0.781    0.603    0    0  (Gen:  0)
  1034832    295496 111652784  0.016  0.000    0.797    0.603    0    0  (Gen:  0)
  1033856    295296 111947608  0.000  0.000    0.797    0.604    0    0  (Gen:  0)
  1033864    295336 112242448  0.000  0.000    0.797    0.604    0    0  (Gen:  0)
  1034328    312528 112537296  0.000  0.000    0.797    0.605    0    0  (Gen:  0)
  1033272    312360 112831992  0.000  0.000    0.797    0.605    0    0  (Gen:  0)
  1035208    312984 113127048  0.000  0.000    0.797    0.606    0    0  (Gen:  0)
  1034352    312856 113422072  0.000  0.000    0.797    0.606    0    0  (Gen:  0)
  1034008    312680 113716856  0.000  0.000    0.797    0.607    0    0  (Gen:  0)
  1033848    312776 114011624  0.000  0.000    0.797    0.607    0    0  (Gen:  0)
  1034760    313240 114306664  0.000  0.000    0.797    0.607    0    0  (Gen:  0)
  1034608    313040 114601616  0.000  0.000    0.797    0.608    0    0  (Gen:  0)
  1034184    313048 114896440  0.000  0.000    0.797    0.608    0    0  (Gen:  0)
  1033904    313088 115191200  0.000  0.000    0.797    0.609    0    0  (Gen:  0)
  1034144    313232 115486064  0.000  0.000    0.797    0.609    0    0  (Gen:  0)
  1033472    313320 115780824  0.000  0.000    0.797    0.610    0    0  (Gen:  0)
  1034448    313592 116075632  0.000  0.000    0.797    0.610    0    0  (Gen:  0)
  1034384    313736 116370632  0.000  0.000    0.797    0.610    0    0  (Gen:  0)
  1033944    313680 116665392  0.000  0.000    0.797    0.611    0    0  (Gen:  0)
  1034896    313976 116960408  0.000  0.000    0.797    0.611    0    0  (Gen:  0)
  1034952    313960 117255400  0.000  0.000    0.797    0.612    0    0  (Gen:  0)
  1035216    313928 117550432  0.000  0.000    0.797    0.612    0    0  (Gen:  0)
  1034640    313616 117845360  0.000  0.000    0.797    0.613    0    0  (Gen:  0)
  1034144    313720 118140232  0.000  0.000    0.797    0.613    0    0  (Gen:  0)
  1034320    313712 118435040  0.000  0.000    0.797    0.614    0    0  (Gen:  0)
  1035240    314024 118730080  0.000  0.000    0.797    0.614    0    0  (Gen:  0)
  1034896    313864 119025112  0.000  0.000    0.797    0.614    0    0  (Gen:  0)
  1032856    313488 119319752  0.000  0.000    0.797    0.615    0    0  (Gen:  0)
  1032536    294944 119614208  0.000  0.000    0.797    0.615    0    0  (Gen:  0)
  1033600    314368 119909000  0.000  0.000    0.797    0.616    0    0  (Gen:  0)
  1034568    314848 120204008  0.000  0.000    0.797    0.616    0    0  (Gen:  0)
  1034224    314736 120498856  0.000  0.000    0.797    0.617    0    0  (Gen:  0)
  1033496    314584 120793568  0.000  0.000    0.797    0.617    0    0  (Gen:  0)
  1034192    314984 121088408  0.000  0.000    0.797    0.618    0    0  (Gen:  0)
  1034176    314928 121383208  0.000  0.000    0.797    0.618    0    0  (Gen:  0)
  1035008    315408 121678264  0.000  0.000    0.797    0.619    0    0  (Gen:  0)
  1033528    315128 121973136  0.000  0.000    0.797    0.619    0    0  (Gen:  0)
  1033784    315048 122267776  0.031  0.000    0.828    0.619    0    0  (Gen:  0)
  1033416    315384 122562496  0.000  0.000    0.828    0.620    0    0  (Gen:  0)
  1032576    315528 122857120  0.000  0.000    0.828    0.620    0    0  (Gen:  0)
  1034488    316200 123152080  0.000  0.000    0.828    0.621    0    0  (Gen:  0)
  1034472    316256 123447000  0.000  0.000    0.828    0.621    0    0  (Gen:  0)
  1035768    316496 123742152  0.000  0.000    0.828    0.622    0    0  (Gen:  0)
  1034304    316112 124037112  0.000  0.000    0.828    0.622    0    0  (Gen:  0)
  1030624    300072 124316048  0.000  0.000    0.828    0.623    0    0  (Gen:  0)
  1588464    235224 124578200  0.000  0.000    0.828    0.623    0    0  (Gen:  0)
  1686936    229696 124807752  0.000  0.000    0.828    0.624    0    0  (Gen:  0)
  1691640    229488 125036936  0.000  0.000    0.828    0.624    0    0  (Gen:  0)
  1648856    229592 125266432  0.000  0.000    0.828    0.625    0    0  (Gen:  0)
  1641776    229696 125495880  0.000  0.000    0.828    0.625    0    0  (Gen:  0)
  1640032    229592 125725168  0.000  0.000    0.828    0.626    0    0  (Gen:  0)
  1646832    229592 125954560  0.000  0.000    0.828    0.626    0    0  (Gen:  0)
  1639472    229696 126184008  0.000  0.000    0.828    0.626    0    0  (Gen:  0)
  1650016    229592 126413296  0.000  0.000    0.828    0.627    0    0  (Gen:  0)
  1635696    229592 126642688  0.000  0.000    0.828    0.627    0    0  (Gen:  0)
  1646640    229696 126872136  0.000  0.000    0.828    0.627    0    0  (Gen:  0)
  1648096    229592 127101424  0.000  0.000    0.828    0.628    0    0  (Gen:  0)
  1644272    229592 127330816  0.000  0.000    0.828    0.628    0    0  (Gen:  0)
  1643952    229696 127560264  0.000  0.000    0.828    0.629    0    0  (Gen:  0)
  1644640    229592 127789552  0.000  0.000    0.828    0.629    0    0  (Gen:  0)
  1641456    229592 128018944  0.000  0.000    0.828    0.629    0    0  (Gen:  0)
  1644848    229696 128248392  0.000  0.000    0.828    0.630    0    0  (Gen:  0)
  1643872    229592 128477680  0.000  0.000    0.828    0.630    0    0  (Gen:  0)
  1643760    229592 128707072  0.000  0.000    0.828    0.631    0    0  (Gen:  0)
  1633584    229696 128936520  0.000  0.000    0.828    0.631    0    0  (Gen:  0)
  1654240    229592 129165808  0.000  0.000    0.828    0.631    0    0  (Gen:  0)
  1643888    229592 129395200  0.000  0.000    0.828    0.632    0    0  (Gen:  0)
  1644080    229696 129624648  0.000  0.000    0.828    0.632    0    0  (Gen:  0)
  1634784    229592 129853936  0.000  0.000    0.828    0.633    0    0  (Gen:  0)
  1651440    229592 130083328  0.000  0.000    0.828    0.633    0    0  (Gen:  0)
  1662896    229696 130312776  0.000  0.000    0.828    0.634    0    0  (Gen:  0)
  1628384    229592 130542064  0.000  0.000    0.828    0.634    0    0  (Gen:  0)
  1641712    229592 130771456  0.000  0.000    0.828    0.635    0    0  (Gen:  0)
  1645872    229696 131000904  0.000  0.000    0.828    0.635    0    0  (Gen:  0)
  1642336    229592 131230192  0.000  0.000    0.828    0.635    0    0  (Gen:  0)
  1649136    229592 131459584  0.000  0.000    0.828    0.636    0    0  (Gen:  0)
  1643440    229696 131689032  0.000  0.000    0.828    0.636    0    0  (Gen:  0)
  1643104    229592 131918320  0.000  0.000    0.828    0.637    0    0  (Gen:  0)
  1648368    229592 132147712  0.000  0.000    0.828    0.637    0    0  (Gen:  0)
  1659696    229696 132377160  0.000  0.000    0.859    0.637    0    0  (Gen:  0)
  1625184    229592 132606448  0.000  0.000    0.859    0.638    0    0  (Gen:  0)
  1677552    229592 132835840  0.000  0.000    0.859    0.638    0    0  (Gen:  0)
  1632712    229592 133065184  0.000  0.000    0.859    0.639    0    0  (Gen:  0)
  1656392    229592 133294576  0.000  0.000    0.859    0.639    0    0  (Gen:  0)
  1654768    229592 133523968  0.000  0.000    0.859    0.639    0    0  (Gen:  0)
  1676848    229696 133753416  0.000  0.000    0.859    0.640    0    0  (Gen:  0)
  1616480    229592 133982704  0.000  0.000    0.859    0.640    0    0  (Gen:  0)
  1596912    229592 134212096  0.000  0.000    0.859    0.640    0    0  (Gen:  0)
  1646128    229696 134441544  0.000  0.000    0.859    0.641    0    0  (Gen:  0)
  1649632    229592 134670832  0.000  0.000    0.859    0.641    0    0  (Gen:  0)
  1641840    229592 134900224  0.000  0.000    0.859    0.642    0    0  (Gen:  0)
  1652400    229696 135129672  0.000  0.000    0.859    0.642    0    0  (Gen:  0)
  1631328    229592 135358960  0.000  0.000    0.859    0.642    0    0  (Gen:  0)
  1829984    336560 135695320  0.000  0.000    0.859    0.643    0    0  (Gen:  0)
  1036288    443024 135977912  0.000  0.000    0.859    0.644    0    0  (Gen:  0)
  1036288    282656 136260536  0.000  0.000    0.859    0.645    0    0  (Gen:  0)
  1036288    282656 136543160  0.000  0.000    0.859    0.646    0    0  (Gen:  0)
  1036288    282656 136825784  0.000  0.000    0.859    0.647    0    0  (Gen:  0)
  1036288    282656 137108408  0.000  0.000    0.859    0.647    0    0  (Gen:  0)
  1036288    282656 137391032  0.000  0.000    0.859    0.648    0    0  (Gen:  0)
  1036288    282656 137673656  0.000  0.000    0.859    0.649    0    0  (Gen:  0)
  1036288    282656 137956280  0.000  0.000    0.859    0.650    0    0  (Gen:  0)
  1036288    282656 138238904  0.000  0.000    0.875    0.651    0    0  (Gen:  0)
  1036288    282656 138521528  0.000  0.000    0.875    0.652    0    0  (Gen:  0)
  1036288    282656 138804152  0.000  0.000    0.875    0.653    0    0  (Gen:  0)
  1036288    282656 139086776  0.000  0.000    0.875    0.654    0    0  (Gen:  0)
  1036288    282656 139369400  0.000  0.000    0.875    0.655    0    0  (Gen:  0)
  1036288    282656 139652024  0.000  0.000    0.875    0.656    0    0  (Gen:  0)
  1036288    282656 139934648  0.000  0.000    0.875    0.657    0    0  (Gen:  0)
  1036288    282656 140217272  0.000  0.000    0.875    0.658    0    0  (Gen:  0)
  1036288    282656 140499896  0.000  0.000    0.875    0.659    0    0  (Gen:  0)
  1036288    282656 140782520  0.000  0.000    0.875    0.659    0    0  (Gen:  0)
  1036288    282656 141065144  0.000  0.000    0.875    0.660    0    0  (Gen:  0)
  1297592     68496 141133616  0.000  0.000    0.875    0.661    0    0  (Gen:  0)
  1046528        24 141133616  0.000  0.000    0.875    0.661    0    0  (Gen:  0)
  1046528        24 141133616  0.000  0.000    0.875    0.661    0    0  (Gen:  0)
  1046528        24 141133616  0.000  0.000    0.875    0.662    0    0  (Gen:  0)
  1046528        24 141133616  0.000  0.000    0.875    0.662    0    0  (Gen:  0)
  1046528        24 141133616  0.000  0.000    0.875    0.662    0    0  (Gen:  0)
  1046528        24 141133616  0.000  0.000    0.875    0.662    0    0  (Gen:  0)
  1046528        24 141133616  0.000  0.000    0.875    0.663    0    0  (Gen:  0)
  1046528        24 141133616  0.000  0.000    0.875    0.663    0    0  (Gen:  0)
  1046528        24 141133616  0.000  0.000    0.875    0.663    0    0  (Gen:  0)
  1046528        24 141133616  0.000  0.000    0.875    0.663    0    0  (Gen:  0)
  1046528        24 141133616  0.000  0.000    0.875    0.664    0    0  (Gen:  0)
   525448      3984     53304  0.016  0.031    0.891    0.696    0    0  (Gen:  1)
     5208                      0.000  0.000

     932,916,496 bytes allocated in the heap
     590,521,360 bytes copied during GC
     109,294,568 bytes maximum residency (14 sample(s))
       1,768,472 bytes maximum slop
             104 MB total memory in use (0 MB lost due to fragmentation)

                                     Tot time (elapsed)  Avg pause  Max pause
  Gen  0       859 colls,   859 par    0.406s   0.246s     0.0003s    0.0017s
  Gen  1        14 colls,    13 par    0.359s   0.286s     0.0204s    0.0809s

  Parallel GC work balance: 0.09% (serial 0%, perfect 100%)

  TASKS: 4 (1 bound, 3 peak workers (3 total), using -N2)

  SPARKS: 2(1 converted, 0 overflowed, 0 dud, 0 GC'd, 1 fizzled)

  INIT    time    0.000s  (  0.001s elapsed)
  MUT     time    0.125s  (  0.163s elapsed)
  GC      time    0.766s  (  0.532s elapsed)
  EXIT    time    0.000s  (  0.001s elapsed)
  Total   time    0.891s  (  0.696s elapsed)

  Alloc rate    7,463,331,968 bytes per MUT second

  Productivity  14.0% of total user, 23.4% of total elapsed

